16:33:49 **** Incremental Build of configuration Debug for project 1_toggle_led_struct ****
make -j8 all 
arm-none-eabi-gcc "../Src/main.c" -mcpu=cortex-m4 -std=gnu11 -g3 -DDEBUG -DNUCLEO_F411RE -DSTM32 -DSTM32F4 -DSTM32F411RETx -c -I../Inc -O0 -ffunction-sections -fdata-sections -Wall -fstack-usage -fcyclomatic-complexity -MMD -MP -MF"Src/main.d" -MT"Src/main.o" --specs=nano.specs -mfpu=fpv4-sp-d16 -mfloat-abi=hard -mthumb -o "Src/main.o"
arm-none-eabi-gcc -o "1_toggle_led_struct.elf" @"objects.list"   -mcpu=cortex-m4 -T"/home/michael/Documents/Udemy/Embedded/BareMetalBase/1_toggle_led_struct/STM32F411RETX_FLASH.ld" --specs=nosys.specs -Wl,-Map="1_toggle_led_struct.map" -Wl,--gc-sections -static --specs=nano.specs -mfpu=fpv4-sp-d16 -mfloat-abi=hard -mthumb -Wl,--start-group -lc -lm -Wl,--end-group
Finished building target: 1_toggle_led_struct.elf
 
arm-none-eabi-size   1_toggle_led_struct.elf 
arm-none-eabi-objdump -h -S  1_toggle_led_struct.elf  > "1_toggle_led_struct.list"
   text	   data	    bss	    dec	    hex	filename
    740	      8	   1568	   2316	    90c	1_toggle_led_struct.elf
Finished building: default.size.stdout
 
Finished building: 1_toggle_led_struct.list
 

16:33:50 Build Finished. 0 errors, 0 warnings. (took 1s.179ms)

