13:52:57 **** Incremental Build of configuration Debug for project 7_uart_modular ****
make -j8 all 
arm-none-eabi-gcc "../Src/main.c" -mcpu=cortex-m4 -std=gnu11 -g3 -DDEBUG -DNUCLEO_F411RE -DSTM32 -DSTM32F4 -DSTM32F411RETx -DSTM32F411xE -c -I../Inc -I/home/michael/Documents/Udemy/Embedded/chip_headers/CMSIS/Include -I/home/michael/Documents/Udemy/Embedded/chip_headers/CMSIS/Device/ST/STM32F4xx/Include -O0 -ffunction-sections -fdata-sections -Wall -fstack-usage -fcyclomatic-complexity -MMD -MP -MF"Src/main.d" -MT"Src/main.o" --specs=nano.specs -mfpu=fpv4-sp-d16 -mfloat-abi=hard -mthumb -o "Src/main.o"
arm-none-eabi-gcc -o "7_uart_modular.elf" @"objects.list"   -mcpu=cortex-m4 -T"/home/michael/Documents/Udemy/Embedded/BareMetalBase/7_uart_modular/STM32F411RETX_FLASH.ld" --specs=nosys.specs -Wl,-Map="7_uart_modular.map" -Wl,--gc-sections -static --specs=nano.specs -mfpu=fpv4-sp-d16 -mfloat-abi=hard -mthumb -Wl,--start-group -lc -lm -Wl,--end-group
Finished building target: 7_uart_modular.elf
 
arm-none-eabi-size   7_uart_modular.elf 
arm-none-eabi-objdump -h -S  7_uart_modular.elf  > "7_uart_modular.list"
   text	   data	    bss	    dec	    hex	filename
   5556	    108	   1588	   7252	   1c54	7_uart_modular.elf
Finished building: default.size.stdout
 
Finished building: 7_uart_modular.list
 

13:52:59 Build Finished. 0 errors, 0 warnings. (took 1s.331ms)

