15:09:24 **** Incremental Build of configuration Debug for project 9_adc_single ****
make -j8 all 
arm-none-eabi-gcc "../Src/main.c" -mcpu=cortex-m4 -std=gnu11 -g3 -DDEBUG -DNUCLEO_F411RE -DSTM32 -DSTM32F4 -DSTM32F411RETx -DSTM32F411xE -c -I../Inc -I/home/michael/Embedded/chip_headers/CMSIS/Include -I/home/michael/Embedded/chip_headers/CMSIS/Device/ST/STM32F4xx/Include -O0 -ffunction-sections -fdata-sections -Wall -fstack-usage -fcyclomatic-complexity -MMD -MP -MF"Src/main.d" -MT"Src/main.o" --specs=nano.specs -mfpu=fpv4-sp-d16 -mfloat-abi=hard -mthumb -o "Src/main.o"
arm-none-eabi-gcc -o "9_adc_single.elf" @"objects.list"   -mcpu=cortex-m4 -T"/home/michael/Embedded/BareMetalBase/9_adc_single/STM32F411RETX_FLASH.ld" --specs=nosys.specs -Wl,-Map="9_adc_single.map" -Wl,--gc-sections -static --specs=nano.specs -mfpu=fpv4-sp-d16 -mfloat-abi=hard -mthumb -Wl,--start-group -lc -lm -Wl,--end-group
Finished building target: 9_adc_single.elf
 
arm-none-eabi-size   9_adc_single.elf 
arm-none-eabi-objdump -h -S  9_adc_single.elf  > "9_adc_single.list"
   text	   data	    bss	    dec	    hex	filename
   5780	    108	   1588	   7476	   1d34	9_adc_single.elf
Finished building: default.size.stdout
 
Finished building: 9_adc_single.list
 

15:09:25 Build Finished. 0 errors, 0 warnings. (took 1s.381ms)

